// Jest Snapshot v1, https://goo.gl/fbAQLP

exports[`ContactPage should render page in English 1`] = `
<div>
  <main
    class="w-full rounded-md bg-stone-600 bg-opacity-90 py-4 px-6 text-stone-50 shadow-lg"
  >
    <div
      class="mb-4 text-center"
    >
      <h2
        class="text-xl font-medium opacity-80 md:text-2xl"
      >
        Contact us
      </h2>
      <p>
        Lets talk about bikes
      </p>
    </div>
    <form
      class="space-y-6"
      novalidate=""
    >
      <div
        class="flex justify-center"
      >
        <div
          class="w-full md:w-3/4 lg:w-1/2"
        >
          <label
            class="mb-2 block"
            for="email"
          >
            Your email
          </label>
          <input
            class="bg-stone-50 bg-opacity-90 rounded-md w-full p-2.5 text-gray-900 outline-none focus:ring focus:ring-offset hover:ring hover:ring-offset focus:ring-teal-500 hover:ring-teal-500"
            data-testid="email"
            name="email"
            placeholder="name@domain.com"
            type="text"
          />
        </div>
      </div>
      <div
        class="flex justify-center"
      >
        <div
          class="w-full md:w-3/4 lg:w-1/2"
        >
          <label
            class="mb-2 block"
            for="senderName"
          >
            Your name
          </label>
          <input
            class="bg-stone-50 bg-opacity-90 rounded-md w-full p-2.5 text-gray-900 outline-none focus:ring focus:ring-offset hover:ring hover:ring-offset focus:ring-teal-500 hover:ring-teal-500"
            data-testid="senderName"
            name="senderName"
            placeholder="Indian Larry"
            type="text"
          />
        </div>
      </div>
      <div
        class="flex justify-center"
      >
        <div
          class="w-full md:w-3/4 lg:w-1/2"
        >
          <label
            class="mb-2 block"
            for="subject"
          >
            Subject
          </label>
          <input
            class="bg-stone-50 bg-opacity-90 rounded-md w-full p-2.5 text-gray-900 outline-none focus:ring focus:ring-offset hover:ring hover:ring-offset focus:ring-teal-500 hover:ring-teal-500"
            data-testid="subject"
            name="subject"
            placeholder="How can we help you"
            type="text"
          />
        </div>
      </div>
      <div
        class="flex justify-center"
      >
        <div
          class="w-full md:w-3/4 lg:w-1/2"
        >
          <label
            class="mb-2 block"
            for="message"
          >
            Your message
          </label>
          <textarea
            class="bg-stone-50 bg-opacity-90 rounded-md w-full p-2.5 text-gray-900 outline-none focus:ring focus:ring-offset hover:ring hover:ring-offset focus:ring-teal-500 hover:ring-teal-500"
            data-testid="message"
            name="message"
            placeholder="Leave a comment..."
            rows="6"
          />
        </div>
      </div>
      <div
        class="flex justify-center"
      >
        <button
          class="rounded-md px-6 py-2 text-lg bg-teal-700 hover:bg-teal-500"
          data-testid="contact-form-submit-button"
          type="submit"
        >
          Send
        </button>
      </div>
    </form>
  </main>
</div>
`;
