// Jest Snapshot v1, https://goo.gl/fbAQLP

exports[`DownloadPage should render page in English 1`] = `
<div>
  <main>
    <section
      class="bg-stone-600 w-full py-4 px-6 rounded-md text-stone-50 shadow-lg space-y-4 bg-opacity-90 undefined"
    >
      <div
        class="text-center "
      >
        <h2
          class="text-xl font-medium opacity-80 md:text-2xl"
        >
          Documents to download
        </h2>
      </div>
    </section>
  </main>
</div>
`;
